C:/Users/Afhib/Desktop/Projects/xLibs/Common/xCircleBuffer.c:22:5:xCircleBufferAdd	40	static
C:/Users/Afhib/Desktop/Projects/xLibs/Common/xCircleBuffer.c:40:5:xCircleBufferAddHalfWord	32	static
C:/Users/Afhib/Desktop/Projects/xLibs/Common/xCircleBuffer.c:55:5:xCircleBufferAddWord	32	static
C:/Users/Afhib/Desktop/Projects/xLibs/Common/xCircleBuffer.c:69:5:xCircleBufferAddObject	48	static
C:/Users/Afhib/Desktop/Projects/xLibs/Common/xCircleBuffer.c:97:5:xCircleBufferReadObject	48	static
C:/Users/Afhib/Desktop/Projects/xLibs/Common/xCircleBuffer.c:124:7:xCircleBufferGetElement	16	static
C:/Users/Afhib/Desktop/Projects/xLibs/Common/xCircleBuffer.c:130:5:xCircleBufferAddReverce	24	static
C:/Users/Afhib/Desktop/Projects/xLibs/Common/xCircleBuffer.c:145:9:xCircleBufferGet	24	static
C:/Users/Afhib/Desktop/Projects/xLibs/Common/xCircleBuffer.c:155:5:xCircleBufferRead	32	static
C:/Users/Afhib/Desktop/Projects/xLibs/Common/xCircleBuffer.c:172:5:xCircleBufferTryRead	40	static
C:/Users/Afhib/Desktop/Projects/xLibs/Common/xCircleBuffer.c:191:6:xCircleBufferIsEmpty	16	static
C:/Users/Afhib/Desktop/Projects/xLibs/Common/xCircleBuffer.c:197:5:xCircleBufferGetFreeSize	16	static
C:/Users/Afhib/Desktop/Projects/xLibs/Common/xCircleBuffer.c:203:5:xCircleBufferGetFilledSize	16	static
C:/Users/Afhib/Desktop/Projects/xLibs/Common/xCircleBuffer.c:209:6:xCircleBufferClear	16	static
C:/Users/Afhib/Desktop/Projects/xLibs/Common/xCircleBuffer.c:215:7:xCircleGetTotalMemoryPosition	16	static
C:/Users/Afhib/Desktop/Projects/xLibs/Common/xCircleBuffer.c:221:5:xCircleBufferGetLine	24	static
C:/Users/Afhib/Desktop/Projects/xLibs/Common/xCircleBuffer.c:236:6:xCircleBufferOffsetHandlerIndex	16	static
C:/Users/Afhib/Desktop/Projects/xLibs/Common/xCircleBuffer.c:241:6:xCircleBufferOffsetTotalIndex	16	static
C:/Users/Afhib/Desktop/Projects/xLibs/Common/xCircleBuffer.c:250:9:xCircleBufferInit	24	static
