C:/Users/Afhib/Desktop/Projects/xLibs/Abstractions/xNet/xNet.c:25:6:xNetHandler	16	static
C:/Users/Afhib/Desktop/Projects/xLibs/Abstractions/xNet/xNet.c:33:6:xNetSocketHandler	16	static
C:/Users/Afhib/Desktop/Projects/xLibs/Abstractions/xNet/xNet.c:41:9:xNetInitTcpSocket	16	static
C:/Users/Afhib/Desktop/Projects/xLibs/Abstractions/xNet/xNet.c:48:9:xNetGetPhyConnectionState	16	static
C:/Users/Afhib/Desktop/Projects/xLibs/Abstractions/xNet/xNet.c:53:9:xNetDHCP_Start	24	static
C:/Users/Afhib/Desktop/Projects/xLibs/Abstractions/xNet/xNet.c:63:6:xNetDHCP_Stop	24	static
C:/Users/Afhib/Desktop/Projects/xLibs/Abstractions/xNet/xNet.c:69:9:xNetSNTP_Start	24	static
C:/Users/Afhib/Desktop/Projects/xLibs/Abstractions/xNet/xNet.c:78:6:xNetSNTP_Stop	24	static
C:/Users/Afhib/Desktop/Projects/xLibs/Abstractions/xNet/xNet.c:84:9:xNetGetHostByName	40	static
C:/Users/Afhib/Desktop/Projects/xLibs/Abstractions/xNet/xNet.c:108:9:xNetAddEventListener	16	static
C:/Users/Afhib/Desktop/Projects/xLibs/Abstractions/xNet/xNet.c:115:9:xNetClose	16	static
C:/Users/Afhib/Desktop/Projects/xLibs/Abstractions/xNet/xNet.c:121:9:xNetConnect	16	static
C:/Users/Afhib/Desktop/Projects/xLibs/Abstractions/xNet/xNet.c:127:9:xNetDisconnect	16	static
C:/Users/Afhib/Desktop/Projects/xLibs/Abstractions/xNet/xNet.c:133:9:xNetShutdown	16	static
C:/Users/Afhib/Desktop/Projects/xLibs/Abstractions/xNet/xNet.c:139:9:xNetListen	16	static
C:/Users/Afhib/Desktop/Projects/xLibs/Abstractions/xNet/xNet.c:145:9:xNetAccept	16	static
C:/Users/Afhib/Desktop/Projects/xLibs/Abstractions/xNet/xNet.c:151:5:xNetTransmit	24	static
C:/Users/Afhib/Desktop/Projects/xLibs/Abstractions/xNet/xNet.c:157:5:xNetReceive	24	static
C:/Users/Afhib/Desktop/Projects/xLibs/Abstractions/xNet/xNet.c:165:6:xNetDeInit	16	static
C:/Users/Afhib/Desktop/Projects/xLibs/Abstractions/xNet/xNet.c:170:9:xNetInit	16	static
