C:/Users/Afhib/Desktop/Projects/xLibs/Abstractions/xDevice/Communication/xDevice-RxTransactions.c:112:13:privateAsyncCallback	16	static
C:/Users/Afhib/Desktop/Projects/xLibs/Abstractions/xDevice/Communication/xDevice-RxTransactions.c:124:16:privatePrepareAsyncRequest	32	static
C:/Users/Afhib/Desktop/Projects/xLibs/Abstractions/xDevice/Communication/xDevice-RxTransactions.c:145:16:xDeviceGetInfo	24	static
C:/Users/Afhib/Desktop/Projects/xLibs/Abstractions/xDevice/Communication/xDevice-RxTransactions.c:151:16:xDeviceGetRootDevice	40	static
C:/Users/Afhib/Desktop/Projects/xLibs/Abstractions/xDevice/Communication/xDevice-RxTransactions.c:168:16:xDeviceGetServices	40	static
C:/Users/Afhib/Desktop/Projects/xLibs/Abstractions/xDevice/Communication/xDevice-RxTransactions.c:205:16:xDeviceGetDeviceInfo	40	static
C:/Users/Afhib/Desktop/Projects/xLibs/Abstractions/xDevice/Communication/xDevice-RxTransactions.c:226:16:xDeviceGetDevices	40	static
C:/Users/Afhib/Desktop/Projects/xLibs/Abstractions/xDevice/Communication/xDevice-RxTransactions.c:261:16:xDeviceGetMAC	24	static
C:/Users/Afhib/Desktop/Projects/xLibs/Abstractions/xDevice/Communication/xDevice-RxTransactions.c:273:16:xDeviceGetServiceInfo	24	static
C:/Users/Afhib/Desktop/Projects/xLibs/Abstractions/xDevice/Communication/xDevice-RxTransactions.c:291:16:xDeviceGetSubscribers	24	static
C:/Users/Afhib/Desktop/Projects/xLibs/Abstractions/xDevice/Communication/xDevice-RxTransactions.c:326:16:xDeviceNumberOfLogicElementListeners	56	static
