C:/Users/Afhib/Desktop/Projects/xLibs/Abstractions/xDevice/xDevice.c:23:13:privateDeviceHandler	24	static
C:/Users/Afhib/Desktop/Projects/xLibs/Abstractions/xDevice/xDevice.c:44:6:xDeviceHandler	24	static
C:/Users/Afhib/Desktop/Projects/xLibs/Abstractions/xDevice/xDevice.c:64:9:xDeviceAddService	16	static
C:/Users/Afhib/Desktop/Projects/xLibs/Abstractions/xDevice/xDevice.c:76:9:xDeviceRemoveService	16	static
C:/Users/Afhib/Desktop/Projects/xLibs/Abstractions/xDevice/xDevice.c:89:9:xDeviceAddDevice	16	static
C:/Users/Afhib/Desktop/Projects/xLibs/Abstractions/xDevice/xDevice.c:102:9:xDeviceRemoveDevice	16	static
C:/Users/Afhib/Desktop/Projects/xLibs/Abstractions/xDevice/xDevice.c:114:6:xDeviceSetId	32	static
C:/Users/Afhib/Desktop/Projects/xLibs/Abstractions/xDevice/xDevice.c:126:11:xDeviceGetDeviceById	32	static
C:/Users/Afhib/Desktop/Projects/xLibs/Abstractions/xDevice/xDevice.c:153:12:xDeviceGetServiceById	32	static
C:/Users/Afhib/Desktop/Projects/xLibs/Abstractions/xDevice/xDevice.c:177:16:xDeviceSubscribeToService	56	static
C:/Users/Afhib/Desktop/Projects/xLibs/Abstractions/xDevice/xDevice.c:192:9:xDeviceLogicElement	48	static
C:/Users/Afhib/Desktop/Projects/xLibs/Abstractions/xDevice/xDevice.c:227:9:xDeviceInit	32	static
