C:/Users/Afhib/Desktop/Projects/xLibs/Abstractions/xPort/xPort.c:22:7:xPortGetRxBuffer	32	static
C:/Users/Afhib/Desktop/Projects/xLibs/Abstractions/xPort/xPort.c:34:10:xPortGetRxBufferSize	32	static
C:/Users/Afhib/Desktop/Projects/xLibs/Abstractions/xPort/xPort.c:46:10:xPortGetRxBufferFreeSize	32	static
C:/Users/Afhib/Desktop/Projects/xLibs/Abstractions/xPort/xPort.c:58:7:xPortGetTxBuffer	32	static
C:/Users/Afhib/Desktop/Projects/xLibs/Abstractions/xPort/xPort.c:70:10:xPortGetTxBufferSize	32	static
C:/Users/Afhib/Desktop/Projects/xLibs/Abstractions/xPort/xPort.c:82:7:xPortGetRxCircleBuffer	32	static
C:/Users/Afhib/Desktop/Projects/xLibs/Abstractions/xPort/xPort.c:94:7:xPortGetTxCircleBuffer	32	static
C:/Users/Afhib/Desktop/Projects/xLibs/Abstractions/xPort/xPort.c:106:9:xPortOpen	24	static
C:/Users/Afhib/Desktop/Projects/xLibs/Abstractions/xPort/xPort.c:111:9:xPortClose	24	static
C:/Users/Afhib/Desktop/Projects/xLibs/Abstractions/xPort/xPort.c:116:10:xPortGetTxBufferFreeSize	32	static
C:/Users/Afhib/Desktop/Projects/xLibs/Abstractions/xPort/xPort.c:128:9:xPortTransmitWord	16	static
C:/Users/Afhib/Desktop/Projects/xLibs/Abstractions/xPort/xPort.c:133:9:xPortTransmitHalfWord	16	static
C:/Users/Afhib/Desktop/Projects/xLibs/Abstractions/xPort/xPort.c:138:9:xPortTransmitByte	16	static
C:/Users/Afhib/Desktop/Projects/xLibs/Abstractions/xPort/xPort.c:143:9:xPortTransmitString	24	static
C:/Users/Afhib/Desktop/Projects/xLibs/Abstractions/xPort/xPort.c:151:9:xPortInit	16	static
