C:/Users/Afhib/Desktop/Projects/Board_STM32F4VE_V2.0/Core/Src/stm32f4xx_it.c:75:6:HardFault_Handler	4	static
C:/Users/Afhib/Desktop/Projects/Board_STM32F4VE_V2.0/Core/Src/stm32f4xx_it.c:97:6:CAN1_TX_IRQHandler	8	static
C:/Users/Afhib/Desktop/Projects/Board_STM32F4VE_V2.0/Core/Src/stm32f4xx_it.c:110:6:CAN1_RX0_IRQHandler	8	static
C:/Users/Afhib/Desktop/Projects/Board_STM32F4VE_V2.0/Core/Src/stm32f4xx_it.c:123:6:TIM4_IRQHandler	8	static
C:/Users/Afhib/Desktop/Projects/Board_STM32F4VE_V2.0/Core/Src/stm32f4xx_it.c:136:6:USART1_IRQHandler	8	static
C:/Users/Afhib/Desktop/Projects/Board_STM32F4VE_V2.0/Core/Src/stm32f4xx_it.c:149:6:TIM8_UP_TIM13_IRQHandler	8	static
C:/Users/Afhib/Desktop/Projects/Board_STM32F4VE_V2.0/Core/Src/stm32f4xx_it.c:163:6:DMA2_Stream2_IRQHandler	8	static
